
> rg-digital@0.1.0 build
> next build

  Ôû▓ Next.js 14.2.35
  - Environments: .env.local, .env

   Creating an optimized production build ...
 Ô£ô Compiled successfully
   Linting and checking validity of types ...

./src/components/dho/NineBoxMatrixGrid.tsx
67:61  Warning: Using `<img>` could result in slower LCP and higher bandwidth. Consider using `<Image />` from `next/image` to automatically optimize images. This may incur additional usage or cost from your provider. See: https://nextjs.org/docs/messages/no-img-element  @next/next/no-img-element

info  - Need to disable some ESLint rules? Learn more here: https://nextjs.org/docs/basic-features/eslint#disabling-rules
   Collecting page data ...
   Generating static pages (0/58) ...
   Generating static pages (14/58) 
   Generating static pages (28/58) 
   Generating static pages (43/58) 
 Ô£ô Generating static pages (58/58)
   Finalizing page optimization ...
   Collecting build traces ...

Route (app)                                 Size     First Load JS
Ôöî ãÆ /                                       156 B          87.8 kB
Ôö£ ãÆ /_not-found                             880 B          88.5 kB
Ôö£ ãÆ /admin                                  2.71 kB         107 kB
Ôö£ ãÆ /admin/analytics/culture                6.8 kB          103 kB
Ôö£ ãÆ /admin/analytics/custom                 206 B           106 kB
Ôö£ ãÆ /admin/analytics/custom/[id]            206 B           106 kB
Ôö£ ãÆ /admin/analytics/custom/builder         3.41 kB         117 kB
Ôö£ ãÆ /admin/analytics/recruitment            5.59 kB         454 kB
Ôö£ ãÆ /admin/analytics/skills                 7.39 kB         361 kB
Ôö£ ãÆ /admin/analytics/succession             206 B           106 kB
Ôö£ ãÆ /admin/analytics/succession/[id]        5.32 kB         110 kB
Ôö£ ãÆ /admin/analytics/turnover               14.9 kB         463 kB
Ôö£ ãÆ /admin/analytics/turnover-risk          6.17 kB         111 kB
Ôö£ ãÆ /admin/audit                            5.26 kB         119 kB
Ôö£ ãÆ /admin/calibration                      1.98 kB         116 kB
Ôö£ ãÆ /admin/funnel                           3.14 kB        99.1 kB
Ôö£ ãÆ /admin/gamification                     7.18 kB         103 kB
Ôö£ ãÆ /admin/health                           156 B          87.8 kB
Ôö£ ãÆ /admin/kpis                             3.58 kB        99.6 kB
Ôö£ ãÆ /admin/kpis/targets                     3.43 kB         108 kB
Ôö£ ãÆ /admin/levels                           2.5 kB          131 kB
Ôö£ ãÆ /admin/levels/[id]/edit                 3.05 kB         139 kB
Ôö£ ãÆ /admin/levels/new                       3.04 kB         139 kB
Ôö£ ãÆ /admin/onboarding                       4.18 kB         100 kB
Ôö£ ãÆ /admin/onboarding/progress              194 B          96.6 kB
Ôö£ ãÆ /admin/organizations                    2.5 kB          131 kB
Ôö£ ãÆ /admin/organizations/[id]/edit          4.45 kB         217 kB
Ôö£ ãÆ /admin/organizations/new                632 B           140 kB
Ôö£ ãÆ /admin/performance/competencies         5.77 kB         110 kB
Ôö£ ãÆ /admin/performance/evaluations          194 B          96.6 kB
Ôö£ ãÆ /admin/performance/evaluations/[id]     6.38 kB         102 kB
Ôö£ ãÆ /admin/performance/positions/[id]       194 B          96.6 kB
Ôö£ ãÆ /admin/positions                        2.5 kB          131 kB
Ôö£ ãÆ /admin/positions/[id]/edit              3.26 kB         139 kB
Ôö£ ãÆ /admin/positions/new                    3.26 kB         139 kB
Ôö£ ãÆ /admin/recruitment                      6.86 kB         112 kB
Ôö£ ãÆ /admin/recruitment/interviews/new/[id]  7.11 kB         112 kB
Ôö£ ãÆ /admin/recruitment/jobs                 206 B           106 kB
Ôö£ ãÆ /admin/recruitment/jobs/new             4.68 kB         109 kB
Ôö£ ãÆ /admin/recruitment/kanban               5.07 kB         110 kB
Ôö£ ãÆ /admin/routine                          2.97 kB          99 kB
Ôö£ ãÆ /admin/sessions                         3.37 kB         117 kB
Ôö£ ãÆ /admin/tracks                           2.5 kB          131 kB
Ôö£ ãÆ /admin/tracks/[id]/edit                 143 B          99.9 kB
Ôö£ ãÆ /admin/tracks/new                       143 B          99.9 kB
Ôö£ ãÆ /admin/units                            2.5 kB          131 kB
Ôö£ ãÆ /admin/units/[id]/edit                  3.1 kB          139 kB
Ôö£ ãÆ /admin/units/new                        3.1 kB          139 kB
Ôö£ ãÆ /admin/users                            206 B           106 kB
Ôö£ ãÆ /admin/users/[id]                       14.5 kB         250 kB
Ôö£ ãÆ /admin/users/new                        3.15 kB         139 kB
Ôö£ ãÆ /api/auth/signout                       0 B                0 B
Ôö£ ãÆ /dashboard                              11.6 kB         116 kB
Ôö£ ãÆ /dashboard/funnel                       4.03 kB         100 kB
Ôö£ ãÆ /dashboard/kpis                         3.08 kB         108 kB
Ôö£ ãÆ /dashboard/meu-perfil                   10.7 kB         144 kB
Ôö£ ãÆ /dashboard/onboarding                   2.21 kB        89.9 kB
Ôö£ ãÆ /dashboard/pdi                          5.72 kB         203 kB
Ôö£ ãÆ /debug                                  3.12 kB         147 kB
Ôö£ ãÆ /login                                  6.3 kB          189 kB
Ôö£ ãÆ /recruitment                            194 B          96.6 kB
Ôö£ ãÆ /recruitment/candidates/[id]            3.22 kB        99.6 kB
Ôö£ ãÆ /recruitment/jobs                       194 B          96.6 kB
Ôö£ ãÆ /recruitment/jobs/new                   2.53 kB        98.9 kB
Ôö£ ãÆ /recruitment/pipeline                   2.63 kB         122 kB
Ôö£ ãÆ /routine/funnel                         4.46 kB         100 kB
Ôöö ãÆ /setup                                  2.68 kB        99.1 kB
+ First Load JS shared by all               87.7 kB
  Ôö£ chunks/2117-674dcfe00cc82a50.js         31.9 kB
  Ôö£ chunks/fd9d1056-a25594a717b6e1a0.js     53.6 kB
  Ôöö other shared chunks (total)             2.11 kB


ãÆ Middleware                                75.4 kB

ãÆ  (Dynamic)  server-rendered on demand

