
> rg-digital@0.1.0 build
> next build

  Ôû▓ Next.js 14.2.35
  - Environments: .env.local

   Creating an optimized production build ...
node.exe : Failed to 
compile.
No linha:1 caractere:1
+ & "C:\Program 
Files\nodejs/node.exe" 
"C:\Program 
Files\nodejs/node_mo 
...
+ ~~~~~~~~~~~~~~~~~~~~~
~~~~~~~~~~~~~~~~~~~~~~~
~~~~~~~~~~~~~~~~~~~~~~~
~~
    + CategoryInfo     
         : NotSpecifi  
  ed: (Failed to com   
 pile.:String) [],     
RemoteException
    + FullyQualifiedEr 
   rorId : NativeComm  
  andError
 

./src/lib/audit.ts
Error: Failed to read 
source code from C:\Use
rs\andre\OneDrive\├ürea
 de Trabalho\AVD APP\rg
-digital\src\lib\audit.
ts

Caused by:
    stream did not 
contain valid UTF-8

Import trace for 
requested module:
./src/lib/audit.ts
./src/app/admin/actions
/custom_reports.ts

./src/lib/audit.ts
Error: Failed to read 
source code from C:\Use
rs\andre\OneDrive\├ürea
 de Trabalho\AVD APP\rg
-digital\src\lib\audit.
ts

Caused by:
    stream did not 
contain valid UTF-8

Import trace for 
requested module:
./src/lib/audit.ts
./src/app/admin/actions
/custom_reports.ts
./src/app/admin/analyti
cs/custom/page.tsx

./src/utils/errors.ts
Error: Failed to read 
source code from C:\Use
rs\andre\OneDrive\├ürea
 de Trabalho\AVD APP\rg
-digital\src\utils\erro
rs.ts

Caused by:
    stream did not 
contain valid UTF-8

Import trace for 
requested module:
./src/utils/errors.ts
./src/app/admin/actions
/custom_reports.ts

./src/utils/errors.ts
Error: Failed to read 
source code from C:\Use
rs\andre\OneDrive\├ürea
 de Trabalho\AVD APP\rg
-digital\src\utils\erro
rs.ts

Caused by:
    stream did not 
contain valid UTF-8

Import trace for 
requested module:
./src/utils/errors.ts
./src/app/admin/actions
/custom_reports.ts
./src/app/admin/analyti
cs/custom/page.tsx


> Build failed because 
of webpack errors
